[2024-10-16 12:52:31][INFO] Classroom MAT21 has been created.
[2024-10-16 12:52:43][INFO] Classroom MAT21 has been removed.
[2024-10-16 12:53:19][INFO] Classroom MAT25 has been created.
[2024-10-16 12:53:42][ERROR] Classroom MAT24 does not exist.
[2024-10-16 12:53:47][INFO] Student S1 has been enrolled in MAT25.
[2024-10-16 12:54:02][INFO] Classroom PHY25 has been created.
[2024-10-16 12:54:06][INFO] Available Classrooms:
[2024-10-16 12:54:06][INFO] - MAT25
[2024-10-16 12:54:06][INFO] - PHY25
[2024-10-16 12:54:06][INFO] Listed all classrooms.
[2024-10-16 12:54:29][INFO] Creating assignment: Mathshw with due date: 2024-09-09
[2024-10-16 12:54:44][INFO] Student S2 has been enrolled in MAT25.
[2024-10-16 12:54:49][INFO] Student S3 has been enrolled in MAT25.
[2024-10-16 12:55:33][INFO] Students enrolled in MAT25:
[2024-10-16 12:55:33][INFO] - MAT25 (S1)
[2024-10-16 12:55:33][INFO] - MAT25 (S2)
[2024-10-16 12:55:33][INFO] - MAT25 (S3)
[2024-10-16 12:56:40][INFO] Attendance marked for student: S3 in classroom: MAT25 - Present: true
[2024-10-16 12:56:57][ERROR] Student S23 does not exist.
[2024-10-16 12:57:07][INFO] Student S3 has been removed from classroom MAT25
[2024-10-16 12:57:26][INFO] Students enrolled in MAT25:
[2024-10-16 12:57:26][INFO] - MAT25 (S1)
[2024-10-16 12:57:26][INFO] - MAT25 (S2)
[2024-10-16 12:57:58][ERROR] Classroom MAT24 does not exist.
[2024-10-16 14:08:08][INFO] Exited the Virtual Classroom Manager.
[2024-10-16 15:03:24][INFO] Exited the Virtual Classroom Manager.
[2024-10-16 15:03:49][INFO] Classroom MAT3 has been created.
[2024-10-16 15:04:08][INFO] Student S2 has been enrolled in MAT3.
[2024-10-16 15:05:38][INFO] Exited the Virtual Classroom Manager.
[2024-10-16 15:05:52][INFO] Classroom MAT45 has been created.
[2024-10-16 15:05:56][INFO] Exited the Virtual Classroom Manager.
